# filename expected_exit_code
03-effects-and-handlers-panic.bst 0
04-async-http-composition.bst 6
05-match-and-control-flow.bst 10
07-option-result.bst 12
08-higher-order-functions.bst 10
09-generic-option-map.bst 5
10-generic-result-chain.bst 6
15-function-value-shadowing.bst 2
16-user-function-shadows-builtin.bst 42
17-duplicate-variant-names.bst 3
