# filename expected_exit_code
00-runtime-externs.bst 0
02-ufcs-method-calls.bst 12
03-effects-and-handlers-panic.bst 0
04-async-http-composition.bst 6
05-match-and-control-flow.bst 10
06-numeric-primitives.bst 3
07-option-result.bst 12
08-higher-order-functions.bst 10
09-generic-option-map.bst 5
10-generic-result-chain.bst 6
15-function-value-shadowing.bst 2
16-user-function-shadows-builtin.bst 42
17-duplicate-variant-names.bst 3
21-runtime-exit.bst 37
22-runtime-write-error.bst 1
23-unknown-module-call.bst 1
24-qualified-function-dispatch.bst 23
25-explicit-return.bst 7
26-nested-return.bst 7
27-while-trailing-expression.bst 40
28-match-mutation.bst 41
29-closure-state.bst 2
30-immutable-assignment.bst 1
31-unsafe-runtime-memory.bst 0
31-generic-effect-name-independence.bst 41
32-byte-arithmetic.bst 3
33-local-function.bst 41
34-unresolved-import.bst 1
